// Jest Snapshot v1, https://goo.gl/fbAQLP

exports[`Given a Connection component when it is rendered should match the snapshot 1`] = `
<div
  className="connection"
/>
`;
